id_task,id_stage,date_start__task,date_end__task,duration_cpu_usage,date_start__stage_asoftasks,date_end__stage_asoftasks,id_task__border
1,1,2022-03-04 13:00:00.000000001,2022-03-04 13:01:00,3.3333,2022-03-04 13:00:00,2022-03-04 13:30:00,['task_1__border_1_left']
2,2,2022-03-04 13:01:00.000000001,2022-03-04 13:02:00,13.3333,2022-03-04 13:01:00,2022-03-04 13:31:00,['task_2__border_2_left']
1,1,2022-03-04 13:01:00.000000001,2022-03-04 13:02:00,3.33333,2022-03-04 13:00:00,2022-03-04 13:30:00,"['task_1__border_1_right', 'task_1__border_2_left']"
1,1,2022-03-04 13:02:00.000000001,2022-03-04 13:30:00,93.3333,2022-03-04 13:00:00,2022-03-04 13:30:00,"['task_1__border_1_right', 'task_1__border_2_right']"
3,3,2022-03-04 13:02:00.000000001,2022-03-04 13:30:00,186.6667,2022-03-04 13:02:00,2022-03-04 13:32:00,['task_3__border_3_left']
2,2,2022-03-04 13:02:00.000000001,2022-03-04 13:30:00,373.3333,2022-03-04 13:01:00,2022-03-04 13:31:00,"['task_2__border_2_right', 'task_2__border_3_left']"
2,2,2022-03-04 13:30:00.000000001,2022-03-04 13:31:00,13.3333,2022-03-04 13:01:00,2022-03-04 13:31:00,"['task_2__border_2_right', 'task_2__border_3_right']"
3,3,2022-03-04 13:30:00.000000001,2022-03-04 13:31:00,6.66667,2022-03-04 13:02:00,2022-03-04 13:32:00,"['task_3__border_3_right', 'task_3__border_4_left']"
3,3,2022-03-04 13:31:00.000000001,2022-03-04 13:32:00,6.66667,2022-03-04 13:02:00,2022-03-04 13:32:00,"['task_3__border_3_right', 'task_3__border_4_right']"
