id_task,id_stage,date_start__task,date_end__task,duration_cpu_usage,date_start__stage_asoftasks,date_end__stage_asoftasks,id_task__border
2,1,2022-03-04 13:01:00.000000001,2022-03-04 13:01:50,400,2022-03-04 13:00:00,2022-03-04 13:10:00,[]
1,1,2022-03-04 13:00:00.000000001,2022-03-04 13:02:00,20,2022-03-04 13:00:00,2022-03-04 13:10:00,[]
1,1,2022-03-04 13:02:00.000000001,2022-03-04 13:10:00,80,2022-03-04 13:00:00,2022-03-04 13:10:00,[]
3,2,2022-03-04 13:02:00.000000001,2022-03-04 13:10:00,145.454545,2022-03-04 13:02:00,2022-03-04 13:13:00,[]
3,2,2022-03-04 13:10:00.000000001,2022-03-04 13:13:00,54.545454,2022-03-04 13:02:00,2022-03-04 13:13:00,[]
