id_task,id_stage,date_start__task,date_end__task,duration_cpu_usage,duration_cpu_overhead_serde,duration_cpu_overhead_shuffle
1,0,2022-03-30 12:59:16.108999936,2022-03-30 12:59:30.470000128,5981292588,44113527,259617517
0,0,2022-03-30 12:59:16.104000000,2022-03-30 12:59:30.636000000,5639535530,71564409,120486831
3,1,2022-03-30 12:59:16.108999936,2022-03-30 12:59:30.470000128,5981292588,44113527,259617517
2,1,2022-03-30 12:59:16.104000000,2022-03-30 12:59:30.636000000,5639535530,71564409,120486831
