id_task,id_stage,id_executor,date_start__task,date_end__task,duration_cpu_usage,duration_cpu_overhead_serde,duration_cpu_overhead_shuffle,memory_spill_disk
1,0,0,2022-03-30 12:59:16.108999936,2022-03-30 12:59:30.470000128,5981292588.0,44113527.0,259617517.0,30.0
0,0,0,2022-03-30 12:59:16.104000000,2022-03-30 12:59:30.636000000,5639535530.0,71564409.0,120486831.0,20.0
3,1,1,2022-03-30 12:59:16.108999936,2022-03-30 12:59:30.470000128,5981292588.0,44113527.0,259617517.0,80.0
2,1,1,2022-03-30 12:59:16.104000000,2022-03-30 12:59:30.636000000,5639535530.0,71564409.0,120486831.0,50.0
4,2,2,2022-03-30 12:59:16.104000000,2022-03-30 12:59:30.636000000,5639535530.0,71564999.0,120486831.0,0.0
